/etc/ld.so.cache
/etc/locale.alias
/mnt/c/Playground/CodeCarver/examples/eldritch/sdk/include/eldritch_cfg.h
/mnt/c/Playground/CodeCarver/examples/eldritch/sdk/include/force.h
/mnt/c/Playground/CodeCarver/examples/eldritch/src/abyss_one.c
/mnt/c/Playground/CodeCarver/examples/eldritch/src/abyss_three.c
/mnt/c/Playground/CodeCarver/examples/eldritch/src/after/afterren.h
/mnt/c/Playground/CodeCarver/examples/eldritch/src/aliases.c
/mnt/c/Playground/CodeCarver/examples/eldritch/src/asm_callee.c
/mnt/c/Playground/CodeCarver/examples/eldritch/src/asm_caller.S
/mnt/c/Playground/CodeCarver/examples/eldritch/src/asm_fast.S
/mnt/c/Playground/CodeCarver/examples/eldritch/src/asm_target.c
/mnt/c/Playground/CodeCarver/examples/eldritch/src/asmdef.c
/mnt/c/Playground/CodeCarver/examples/eldritch/src/asmlabel.c
/mnt/c/Playground/CodeCarver/examples/eldritch/src/attr_fns.c
/mnt/c/Playground/CodeCarver/examples/eldritch/src/attrs.c
/mnt/c/Playground/CodeCarver/examples/eldritch/src/audit_tick.c
/mnt/c/Playground/CodeCarver/examples/eldritch/src/beast.c
/mnt/c/Playground/CodeCarver/examples/eldritch/src/board.c
/mnt/c/Playground/CodeCarver/examples/eldritch/src/body.inc
/mnt/c/Playground/CodeCarver/examples/eldritch/src/bodyhelp.c
/mnt/c/Playground/CodeCarver/examples/eldritch/src/bodyinc.c
/mnt/c/Playground/CodeCarver/examples/eldritch/src/boss.c
/mnt/c/Playground/CodeCarver/examples/eldritch/src/boss_helper.c
/mnt/c/Playground/CodeCarver/examples/eldritch/src/build.sh
/mnt/c/Playground/CodeCarver/examples/eldritch/src/c99inl_emit.c
/mnt/c/Playground/CodeCarver/examples/eldritch/src/c99inl_user.c
/mnt/c/Playground/CodeCarver/examples/eldritch/src/cfg_users.c
/mnt/c/Playground/CodeCarver/examples/eldritch/src/cleanup.c
/mnt/c/Playground/CodeCarver/examples/eldritch/src/cleanup_fn.c
/mnt/c/Playground/CodeCarver/examples/eldritch/src/comments.c
/mnt/c/Playground/CodeCarver/examples/eldritch/src/comments_user.c
/mnt/c/Playground/CodeCarver/examples/eldritch/src/cppkw.c
/mnt/c/Playground/CodeCarver/examples/eldritch/src/crlf.c
/mnt/c/Playground/CodeCarver/examples/eldritch/src/crlf_helper.c
/mnt/c/Playground/CodeCarver/examples/eldritch/src/ctor.c
/mnt/c/Playground/CodeCarver/examples/eldritch/src/cult.c
/mnt/c/Playground/CodeCarver/examples/eldritch/src/curse.c
/mnt/c/Playground/CodeCarver/examples/eldritch/src/deep.c
/mnt/c/Playground/CodeCarver/examples/eldritch/src/deep/abyss.c
/mnt/c/Playground/CodeCarver/examples/eldritch/src/deep/inner/abyss_cfg.h
/mnt/c/Playground/CodeCarver/examples/eldritch/src/definers.c
/mnt/c/Playground/CodeCarver/examples/eldritch/src/defsym.c
/mnt/c/Playground/CodeCarver/examples/eldritch/src/defsym_real.c
/mnt/c/Playground/CodeCarver/examples/eldritch/src/digraph.c
/mnt/c/Playground/CodeCarver/examples/eldritch/src/dirs.c
/mnt/c/Playground/CodeCarver/examples/eldritch/src/dirs_after.c
/mnt/c/Playground/CodeCarver/examples/eldritch/src/dirs_q.c
/mnt/c/Playground/CodeCarver/examples/eldritch/src/dirs_sys.c
/mnt/c/Playground/CodeCarver/examples/eldritch/src/dispatch.c
/mnt/c/Playground/CodeCarver/examples/eldritch/src/dl.c
/mnt/c/Playground/CodeCarver/examples/eldritch/src/dl_target.c
/mnt/c/Playground/CodeCarver/examples/eldritch/src/dollar.c
/mnt/c/Playground/CodeCarver/examples/eldritch/src/dren.c
/mnt/c/Playground/CodeCarver/examples/eldritch/src/dren_user.c
/mnt/c/Playground/CodeCarver/examples/eldritch/src/duff.c
/mnt/c/Playground/CodeCarver/examples/eldritch/src/duff_step.c
/mnt/c/Playground/CodeCarver/examples/eldritch/src/far.c
/mnt/c/Playground/CodeCarver/examples/eldritch/src/flags.rsp
/mnt/c/Playground/CodeCarver/examples/eldritch/src/fnref.c
/mnt/c/Playground/CodeCarver/examples/eldritch/src/forced.c
/mnt/c/Playground/CodeCarver/examples/eldritch/src/gate.c
/mnt/c/Playground/CodeCarver/examples/eldritch/src/gate_helper.c
/mnt/c/Playground/CodeCarver/examples/eldritch/src/generic.c
/mnt/c/Playground/CodeCarver/examples/eldritch/src/ghost.c
/mnt/c/Playground/CodeCarver/examples/eldritch/src/gnu_twin.c
/mnt/c/Playground/CodeCarver/examples/eldritch/src/gnuinl.c
/mnt/c/Playground/CodeCarver/examples/eldritch/src/handlers.c
/mnt/c/Playground/CodeCarver/examples/eldritch/src/hdr_user.c
/mnt/c/Playground/CodeCarver/examples/eldritch/src/hex.c
/mnt/c/Playground/CodeCarver/examples/eldritch/src/horrors.c
/mnt/c/Playground/CodeCarver/examples/eldritch/src/if0.c
/mnt/c/Playground/CodeCarver/examples/eldritch/src/ifexpr.c
/mnt/c/Playground/CodeCarver/examples/eldritch/src/ifexpr_hi.c
/mnt/c/Playground/CodeCarver/examples/eldritch/src/ifexpr_lo.c
/mnt/c/Playground/CodeCarver/examples/eldritch/src/ifexpr_misc.c
/mnt/c/Playground/CodeCarver/examples/eldritch/src/ifexpr_miscw.c
/mnt/c/Playground/CodeCarver/examples/eldritch/src/ifexpr_uns.c
/mnt/c/Playground/CodeCarver/examples/eldritch/src/ifexpr_unsw.c
/mnt/c/Playground/CodeCarver/examples/eldritch/src/ifunc.c
/mnt/c/Playground/CodeCarver/examples/eldritch/src/ifunc_impl.c
/mnt/c/Playground/CodeCarver/examples/eldritch/src/ifunc_user.c
/mnt/c/Playground/CodeCarver/examples/eldritch/src/include/c99inl.h
/mnt/c/Playground/CodeCarver/examples/eldritch/src/include/compiler.h
/mnt/c/Playground/CodeCarver/examples/eldritch/src/include/cppkw.h
/mnt/c/Playground/CodeCarver/examples/eldritch/src/include/curse.h
/mnt/c/Playground/CodeCarver/examples/eldritch/src/include/debug_kw.h
/mnt/c/Playground/CodeCarver/examples/eldritch/src/include/eldritch.h
/mnt/c/Playground/CodeCarver/examples/eldritch/src/include/gnuinl.h
/mnt/c/Playground/CodeCarver/examples/eldritch/src/include/hdr_def.h
/mnt/c/Playground/CodeCarver/examples/eldritch/src/include/inline.h
/mnt/c/Playground/CodeCarver/examples/eldritch/src/include/log.h
/mnt/c/Playground/CodeCarver/examples/eldritch/src/include/next.h
/mnt/c/Playground/CodeCarver/examples/eldritch/src/include/omen.h
/mnt/c/Playground/CodeCarver/examples/eldritch/src/include/omen2.h
/mnt/c/Playground/CodeCarver/examples/eldritch/src/include/ops.h
/mnt/c/Playground/CodeCarver/examples/eldritch/src/include/rename.h
/mnt/c/Playground/CodeCarver/examples/eldritch/src/include/rites.h
/mnt/c/Playground/CodeCarver/examples/eldritch/src/include/selfref.h
/mnt/c/Playground/CodeCarver/examples/eldritch/src/include/tmpl.h
/mnt/c/Playground/CodeCarver/examples/eldritch/src/include/wave3.h
/mnt/c/Playground/CodeCarver/examples/eldritch/src/include/wave4.h
/mnt/c/Playground/CodeCarver/examples/eldritch/src/include/world.h
/mnt/c/Playground/CodeCarver/examples/eldritch/src/include2/next.h
/mnt/c/Playground/CodeCarver/examples/eldritch/src/inlhelp.c
/mnt/c/Playground/CodeCarver/examples/eldritch/src/keywords.c
/mnt/c/Playground/CodeCarver/examples/eldritch/src/keywords_user.c
/mnt/c/Playground/CodeCarver/examples/eldritch/src/knr.c
/mnt/c/Playground/CodeCarver/examples/eldritch/src/kw_user.c
/mnt/c/Playground/CodeCarver/examples/eldritch/src/latin1.c
/mnt/c/Playground/CodeCarver/examples/eldritch/src/lined.c
/mnt/c/Playground/CodeCarver/examples/eldritch/src/linuxy.c
/mnt/c/Playground/CodeCarver/examples/eldritch/src/macarg.c
/mnt/c/Playground/CodeCarver/examples/eldritch/src/macarg_user.c
/mnt/c/Playground/CodeCarver/examples/eldritch/src/macros.c
/mnt/c/Playground/CodeCarver/examples/eldritch/src/main.c
/mnt/c/Playground/CodeCarver/examples/eldritch/src/nested.c
/mnt/c/Playground/CodeCarver/examples/eldritch/src/next.c
/mnt/c/Playground/CodeCarver/examples/eldritch/src/next_one.c
/mnt/c/Playground/CodeCarver/examples/eldritch/src/next_two.c
/mnt/c/Playground/CodeCarver/examples/eldritch/src/nulbyte.c
/mnt/c/Playground/CodeCarver/examples/eldritch/src/omen.c
/mnt/c/Playground/CodeCarver/examples/eldritch/src/parens.c
/mnt/c/Playground/CodeCarver/examples/eldritch/src/pascal.c
/mnt/c/Playground/CodeCarver/examples/eldritch/src/pascal_user.c
/mnt/c/Playground/CodeCarver/examples/eldritch/src/paste.c
/mnt/c/Playground/CodeCarver/examples/eldritch/src/plain.c
/mnt/c/Playground/CodeCarver/examples/eldritch/src/pp_alpha.c
/mnt/c/Playground/CodeCarver/examples/eldritch/src/pp_beta.c
/mnt/c/Playground/CodeCarver/examples/eldritch/src/priest.c
/mnt/c/Playground/CodeCarver/examples/eldritch/src/priest_user.c
/mnt/c/Playground/CodeCarver/examples/eldritch/src/proto.c
/mnt/c/Playground/CodeCarver/examples/eldritch/src/pushpop.c
/mnt/c/Playground/CodeCarver/examples/eldritch/src/quiet.c
/mnt/c/Playground/CodeCarver/examples/eldritch/src/quoted/qren.h
/mnt/c/Playground/CodeCarver/examples/eldritch/src/real.c
/mnt/c/Playground/CodeCarver/examples/eldritch/src/redef.c
/mnt/c/Playground/CodeCarver/examples/eldritch/src/redef_user.c
/mnt/c/Playground/CodeCarver/examples/eldritch/src/rename.c
/mnt/c/Playground/CodeCarver/examples/eldritch/src/rites.c
/mnt/c/Playground/CodeCarver/examples/eldritch/src/rites_a.c
/mnt/c/Playground/CodeCarver/examples/eldritch/src/rites_b.c
/mnt/c/Playground/CodeCarver/examples/eldritch/src/rituals.def
/mnt/c/Playground/CodeCarver/examples/eldritch/src/rot.c
/mnt/c/Playground/CodeCarver/examples/eldritch/src/rune.c
/mnt/c/Playground/CodeCarver/examples/eldritch/src/selfref.c
/mnt/c/Playground/CodeCarver/examples/eldritch/src/shoggoth.c
/mnt/c/Playground/CodeCarver/examples/eldritch/src/soup.c
/mnt/c/Playground/CodeCarver/examples/eldritch/src/soup_fns.c
/mnt/c/Playground/CodeCarver/examples/eldritch/src/spaced out.c
/mnt/c/Playground/CodeCarver/examples/eldritch/src/spell.c
/mnt/c/Playground/CodeCarver/examples/eldritch/src/split_heads.c
/mnt/c/Playground/CodeCarver/examples/eldritch/src/splitp.c
/mnt/c/Playground/CodeCarver/examples/eldritch/src/splitp_user.c
/mnt/c/Playground/CodeCarver/examples/eldritch/src/sys/sysren.h
/mnt/c/Playground/CodeCarver/examples/eldritch/src/tmpl.c
/mnt/c/Playground/CodeCarver/examples/eldritch/src/tmpl_user.c
/mnt/c/Playground/CodeCarver/examples/eldritch/src/tome.inc
/mnt/c/Playground/CodeCarver/examples/eldritch/src/tri_helper.c
/mnt/c/Playground/CodeCarver/examples/eldritch/src/trigraph.c
/mnt/c/Playground/CodeCarver/examples/eldritch/src/ucn.c
/mnt/c/Playground/CodeCarver/examples/eldritch/src/ucn_user.c
/mnt/c/Playground/CodeCarver/examples/eldritch/src/undef.c
/mnt/c/Playground/CodeCarver/examples/eldritch/src/unicode.c
/mnt/c/Playground/CodeCarver/examples/eldritch/src/unity.c
/mnt/c/Playground/CodeCarver/examples/eldritch/src/unity_part.c
/mnt/c/Playground/CodeCarver/examples/eldritch/src/unused_compiled.c
/mnt/c/Playground/CodeCarver/examples/eldritch/src/variant.c
/mnt/c/Playground/CodeCarver/examples/eldritch/src/weak_default.c
/mnt/c/Playground/CodeCarver/examples/eldritch/src/weird_heads.c
/mnt/c/Playground/CodeCarver/examples/eldritch/src/world.c
/mnt/c/Playground/CodeCarver/examples/eldritch/src/world_early.c
/mnt/c/Playground/CodeCarver/examples/eldritch/src/world_fns.c
/mnt/c/Playground/CodeCarver/examples/eldritch/src/world_late.c
/mnt/c/Playground/CodeCarver/examples/eldritch/src/world_light.c
/mnt/c/Playground/CodeCarver/examples/eldritch/src/wrap.c
/mnt/c/Playground/CodeCarver/examples/eldritch/src/wrap_beast.c
/mnt/c/Playground/CodeCarver/examples/eldritch/src/wrapped.c
/mnt/c/Playground/CodeCarver/examples/eldritch/src/xmacro.c
/proc/40/mounts
/proc/filesystems
/tmp/cc06qYod
/tmp/cc0XBfmt
/tmp/cc0Zq2j5
/tmp/cc0hyd7d.s
/tmp/cc1rJ8g0
/tmp/cc1udYBY.s
/tmp/cc2HA0Vv.s
/tmp/cc2K57ib
/tmp/cc2TRwFc
/tmp/cc2fb4A7
/tmp/cc2ujbMS
/tmp/cc2wvKAV
/tmp/cc2ziDWd
/tmp/cc38lcKo.s
/tmp/cc3NyB4D
/tmp/cc3RqekB.s
/tmp/cc3S8yUB.s
/tmp/cc3l9b1f.s
/tmp/cc3xlxPD.s
/tmp/cc4I0qJo.s
/tmp/cc4TfQIP
/tmp/cc4ebVeY
/tmp/cc4lj0Ws
/tmp/cc4pWmlD.s
/tmp/cc4tMQmK
/tmp/cc4yTKaN.s
/tmp/cc4zFk37
/tmp/cc58xJjK
/tmp/cc5EoQ3m
/tmp/cc5bRRpw.s
/tmp/cc5enqE0
/tmp/cc5jCzUf
/tmp/cc5sNKv0
/tmp/cc63M9MQ.s
/tmp/cc64QQJB.s
/tmp/cc69O0jJ
/tmp/cc6eKpLG
/tmp/cc6g93y0.s
/tmp/cc6jayOS
/tmp/cc6pPgPd.s
/tmp/cc71QwjS
/tmp/cc7GEGtd
/tmp/cc7QSPYJ.s
/tmp/cc7SxbSb
/tmp/cc7VREtX.s
/tmp/cc7WPPU4.s
/tmp/cc7m5kMC.s
/tmp/cc8DD448
/tmp/cc8ESH91.s
/tmp/cc8IvIkz
/tmp/cc8Titxi.s
/tmp/cc8rh3Gv
/tmp/cc9A1rT4
/tmp/cc9OuNbg.s
/tmp/cc9edP4Y.s
/tmp/cc9kJFu5
/tmp/ccA6bj51.s
/tmp/ccA80McV
/tmp/ccAEK7T4
/tmp/ccAequhf.s
/tmp/ccB3wKHG
/tmp/ccBMROhy.s
/tmp/ccBRnod8.s
/tmp/ccBVOLRa
/tmp/ccBVwtdB.s
/tmp/ccBehRRU.s
/tmp/ccBjYh6I
/tmp/ccBliQT3
/tmp/ccBnIFap
/tmp/ccBqneax.s
/tmp/ccBv3Q2s.s
/tmp/ccCkhDbb
/tmp/ccCqxsNO.s
/tmp/ccDVVeKj.s
/tmp/ccDrU2tx
/tmp/ccDzPZrD
/tmp/ccE9FEEs.s
/tmp/ccE9qa3S
/tmp/ccEPokvy
/tmp/ccERP5PV
/tmp/ccEXCZlN.s
/tmp/ccEfLNKY.s
/tmp/ccEjS3nK
/tmp/ccEnf7i4
/tmp/ccEqCcH6.s
/tmp/ccF9TtPn.s
/tmp/ccFBZ4vU.s
/tmp/ccFOvvdN.s
/tmp/ccG2lDEe
/tmp/ccG5A9I2
/tmp/ccGbjclj.s
/tmp/ccGp3fuo.s
/tmp/ccGyTa0g.s
/tmp/ccH0sP17.s
/tmp/ccH5ZbQe
/tmp/ccH8zS0W.s
/tmp/ccHtOZL3.s
/tmp/ccIDV0w3.s
/tmp/ccILMXHw
/tmp/ccIuqbaz.s
/tmp/ccIxh6k0
/tmp/ccJ3ZUDK.s
/tmp/ccJGywYZ
/tmp/ccJMJBso.s
/tmp/ccJXW8cD
/tmp/ccJyA2DV
/tmp/ccK4v7OV
/tmp/ccKRdqia
/tmp/ccKh1oFz.s
/tmp/ccKlUAyY.s
/tmp/ccKr1GTK
/tmp/ccKyeZOz
/tmp/ccLMNgJK.s
/tmp/ccLX0EbA.s
/tmp/ccM1K0yI
/tmp/ccM5wZ7K
/tmp/ccMCD0nv
/tmp/ccMWvSs5.s
/tmp/ccMZ7Y2a
/tmp/ccMgC9n3.s
/tmp/ccMo4Rnt.s
/tmp/ccMpzgep
/tmp/ccN3kWup
/tmp/ccN5q2EP.s
/tmp/ccNJfjSu
/tmp/ccNUwcBq.s
/tmp/ccNaJ4OI
/tmp/ccNjxxmO.s
/tmp/ccNyyVEv
/tmp/ccOi8CBe.s
/tmp/ccOuFUsi.s
/tmp/ccOwgixP.s
/tmp/ccP7ucBQ.s
/tmp/ccPB3haW
/tmp/ccQ2qIMV
/tmp/ccR7OC8d
/tmp/ccRA0pJ6
/tmp/ccRDNRlc.s
/tmp/ccRHiNsS
/tmp/ccRuIqR6
/tmp/ccS4gnlq.s
/tmp/ccSaDlfG
/tmp/ccSr4FXt
/tmp/ccT0jn0A.s
/tmp/ccTCRwiX
/tmp/ccTLje7k
/tmp/ccTtiCZ0.s
/tmp/ccTvGPY7
/tmp/ccUCPXUf.s
/tmp/ccUMSbDE
/tmp/ccVfDu5N.s
/tmp/ccVvpPAL.s
/tmp/ccWEpz71.s
/tmp/ccWIXewX
/tmp/ccWMRTC3
/tmp/ccWZTrS7.s
/tmp/ccWhUzOj
/tmp/ccXCspTA
/tmp/ccXPp7ZH.s
/tmp/ccXQx8ZI
/tmp/ccXZajzD
/tmp/ccYDfEx0.s
/tmp/ccYWadeY
/tmp/ccYeVPbo
/tmp/ccYpG01t.s
/tmp/ccYxcBcq
/tmp/ccYy4GXt
/tmp/ccZ23gam
/tmp/ccZBgr6A
/tmp/ccZRK0mS.cdtor.c
/tmp/ccZhpEpN
/tmp/cca3oNwh.s
/tmp/cca7ugar.s
/tmp/ccauBh9l.s
/tmp/ccbITM9i.s
/tmp/ccbNTrlt.s
/tmp/ccbScLNW
/tmp/ccbTnNUk.s
/tmp/ccbrHuc8.s
/tmp/ccbvFICP.s
/tmp/ccc6YmGc.s
/tmp/cccBFRED
/tmp/cccDH4ED
/tmp/cccRyN38.s
/tmp/cccZquFk.s
/tmp/cccacRCe.s
/tmp/cccyoSde
/tmp/ccdP0f71
/tmp/ccdWkRtN.s
/tmp/ccdhQ0GB.s
/tmp/ccdhRKdq.s
/tmp/cce2N4kb
/tmp/cceD8C8m
/tmp/cceJ5O4E
/tmp/cceOS28H
/tmp/ccf786oe
/tmp/ccf7H2YK.s
/tmp/ccfID5Ks
/tmp/ccfNyQzb.s
/tmp/ccfYiOAV.s
/tmp/ccfoNEpR.s
/tmp/ccg0F1K5
/tmp/ccg5t3Ac.s
/tmp/ccgC1RDL
/tmp/ccgN2urL
/tmp/ccgNiZBC.s
/tmp/ccgO86wX
/tmp/ccgWT9ZG
/tmp/ccgdh9sn
/tmp/cch67QCn.s
/tmp/cchEn09z.s
/tmp/cchT8CjL
/tmp/cchWwZvo.s
/tmp/cchmAr2e
/tmp/cci8YBYU.s
/tmp/cciVupVE.s
/tmp/cciuN36w.s
/tmp/ccj5RyMz.s
/tmp/ccjJ0exq
/tmp/ccjpfiuy
/tmp/cckRn4EF.s
/tmp/cclECLt9
/tmp/cclW2utN.s
/tmp/cclbOPFe
/tmp/ccljGLG8
/tmp/cclpwYT5.s
/tmp/ccltbkzm.s
/tmp/ccm0gkpd.res
/tmp/ccmNeSKZ.s
/tmp/ccmOiZql.s
/tmp/ccmwbUgi
/tmp/ccn70342.s
/tmp/ccn8Opoh.s
/tmp/ccoGSSjS.s
/tmp/ccoIaEwK.cdtor.o
/tmp/ccoeMwxA
/tmp/ccojzeT4
/tmp/ccp7gVHY.s
/tmp/ccp9KWME.s
/tmp/ccpL9Vtk.s
/tmp/ccphiQ9N.s
/tmp/ccpsBRHH.s
/tmp/ccpzaQGX.s
/tmp/ccpzqWej.s
/tmp/ccq5ugZO.s
/tmp/ccq6yrWq.s
/tmp/ccqAFn5V.s
/tmp/ccqNodMW
/tmp/ccqWQOvg
/tmp/ccrWGDG9
/tmp/ccrbaNEx
/tmp/ccrbpFO5
/tmp/ccrkDCoL.s
/tmp/ccrpmr00
/tmp/ccs2nq4H.s
/tmp/ccs363NZ.s
/tmp/ccs3lBUc.s
/tmp/ccsADf1i
/tmp/ccsOsYQ4
/tmp/ccsRRS1u.s
/tmp/ccsRdGYU.s
/tmp/cct7RZgM
/tmp/cctqBI5y.s
/tmp/ccu0VGIS
/tmp/ccuGos8q.s
/tmp/ccuqlE8X
/tmp/ccuuJMEH
/tmp/ccv4p1wY
/tmp/ccvActfN
/tmp/ccvF9wOY.s
/tmp/ccvG1SB3.s
/tmp/ccvJMtoW.s
/tmp/ccvcIBsi.s
/tmp/ccvhmOVL.s
/tmp/ccwctYUx
/tmp/ccwxOxHf.s
/tmp/ccx3kDHZ
/tmp/ccxBebXL.s
/tmp/ccxDZT0F
/tmp/ccxRTxY1
/tmp/ccxq2b3c.s
/tmp/ccyOD7Q4
/tmp/ccyQTc3X.s
/tmp/ccyZmr1U
/tmp/ccyqds9F.s
/tmp/ccyuHveT.s
/tmp/ccywBja8
/tmp/ccz2E8hi
/tmp/cczBOAI4
/tmp/cczHqyis.s
/tmp/cczgExMS.s
/tmp/ccztaGIe
/tmp/cczxQeM8
/tmp/eldritch-orig/abyss.o
/tmp/eldritch-orig/abyss_one.o
/tmp/eldritch-orig/abyss_three.o
/tmp/eldritch-orig/aliases.o
/tmp/eldritch-orig/asm_callee.o
/tmp/eldritch-orig/asm_caller.o
/tmp/eldritch-orig/asm_fast.o
/tmp/eldritch-orig/asm_target.o
/tmp/eldritch-orig/asmdef.o
/tmp/eldritch-orig/asmlabel.o
/tmp/eldritch-orig/attr_fns.o
/tmp/eldritch-orig/attrs.o
/tmp/eldritch-orig/audit_tick.o
/tmp/eldritch-orig/beast.o
/tmp/eldritch-orig/board.o
/tmp/eldritch-orig/bodyhelp.o
/tmp/eldritch-orig/bodyinc.o
/tmp/eldritch-orig/boss.o
/tmp/eldritch-orig/boss_helper.o
/tmp/eldritch-orig/c99inl_emit.o
/tmp/eldritch-orig/c99inl_user.o
/tmp/eldritch-orig/cfg_users.o
/tmp/eldritch-orig/cleanup.o
/tmp/eldritch-orig/cleanup_fn.o
/tmp/eldritch-orig/comments.o
/tmp/eldritch-orig/comments_user.o
/tmp/eldritch-orig/cppkw.o
/tmp/eldritch-orig/crlf.o
/tmp/eldritch-orig/crlf_helper.o
/tmp/eldritch-orig/ctor.o
/tmp/eldritch-orig/cult.o
/tmp/eldritch-orig/curse.o
/tmp/eldritch-orig/deep.o
/tmp/eldritch-orig/definers.o
/tmp/eldritch-orig/defsym.o
/tmp/eldritch-orig/defsym_real.o
/tmp/eldritch-orig/digraph.o
/tmp/eldritch-orig/dirs.o
/tmp/eldritch-orig/dirs_after.o
/tmp/eldritch-orig/dirs_q.o
/tmp/eldritch-orig/dirs_sys.o
/tmp/eldritch-orig/dispatch.o
/tmp/eldritch-orig/dl.o
/tmp/eldritch-orig/dl_target.o
/tmp/eldritch-orig/dollar.o
/tmp/eldritch-orig/dren.o
/tmp/eldritch-orig/dren_user.o
/tmp/eldritch-orig/duff.o
/tmp/eldritch-orig/duff_step.o
/tmp/eldritch-orig/eldritch
/tmp/eldritch-orig/far.o
/tmp/eldritch-orig/fnref.o
/tmp/eldritch-orig/forced.o
/tmp/eldritch-orig/gate.o
/tmp/eldritch-orig/gate_helper.o
/tmp/eldritch-orig/generic.o
/tmp/eldritch-orig/ghost.o
/tmp/eldritch-orig/gnu_twin.o
/tmp/eldritch-orig/gnuinl.o
/tmp/eldritch-orig/handlers.o
/tmp/eldritch-orig/hdr_user.o
/tmp/eldritch-orig/hex.o
/tmp/eldritch-orig/horrors.o
/tmp/eldritch-orig/if0.o
/tmp/eldritch-orig/ifexpr.o
/tmp/eldritch-orig/ifexpr_hi.o
/tmp/eldritch-orig/ifexpr_lo.o
/tmp/eldritch-orig/ifexpr_misc.o
/tmp/eldritch-orig/ifexpr_miscw.o
/tmp/eldritch-orig/ifexpr_uns.o
/tmp/eldritch-orig/ifexpr_unsw.o
/tmp/eldritch-orig/ifunc.o
/tmp/eldritch-orig/ifunc_impl.o
/tmp/eldritch-orig/ifunc_user.o
/tmp/eldritch-orig/inlhelp.o
/tmp/eldritch-orig/keywords.o
/tmp/eldritch-orig/keywords_user.o
/tmp/eldritch-orig/knr.o
/tmp/eldritch-orig/kw_user.o
/tmp/eldritch-orig/latin1.o
/tmp/eldritch-orig/lined.o
/tmp/eldritch-orig/linuxy.o
/tmp/eldritch-orig/macarg.o
/tmp/eldritch-orig/macarg_user.o
/tmp/eldritch-orig/macros.o
/tmp/eldritch-orig/main.o
/tmp/eldritch-orig/nested.o
/tmp/eldritch-orig/next.o
/tmp/eldritch-orig/next_one.o
/tmp/eldritch-orig/next_two.o
/tmp/eldritch-orig/nulbyte.o
/tmp/eldritch-orig/omen.o
/tmp/eldritch-orig/parens.o
/tmp/eldritch-orig/pascal.o
/tmp/eldritch-orig/pascal_user.o
/tmp/eldritch-orig/paste.o
/tmp/eldritch-orig/plain.o
/tmp/eldritch-orig/pp_alpha.o
/tmp/eldritch-orig/pp_beta.o
/tmp/eldritch-orig/priest.o
/tmp/eldritch-orig/priest_user.o
/tmp/eldritch-orig/proto.o
/tmp/eldritch-orig/pushpop.o
/tmp/eldritch-orig/quiet.o
/tmp/eldritch-orig/real.o
/tmp/eldritch-orig/redef.o
/tmp/eldritch-orig/redef_user.o
/tmp/eldritch-orig/rename.o
/tmp/eldritch-orig/rites.o
/tmp/eldritch-orig/rites_a.o
/tmp/eldritch-orig/rites_b.o
/tmp/eldritch-orig/rot.o
/tmp/eldritch-orig/rune.o
/tmp/eldritch-orig/selfref.o
/tmp/eldritch-orig/shoggoth.o
/tmp/eldritch-orig/soup.o
/tmp/eldritch-orig/soup_fns.o
/tmp/eldritch-orig/spaced_out.o
/tmp/eldritch-orig/spell.o
/tmp/eldritch-orig/split_heads.o
/tmp/eldritch-orig/splitp.o
/tmp/eldritch-orig/splitp_user.o
/tmp/eldritch-orig/tmpl.o
/tmp/eldritch-orig/tmpl_user.o
/tmp/eldritch-orig/tome.o
/tmp/eldritch-orig/tri_helper.o
/tmp/eldritch-orig/trigraph.o
/tmp/eldritch-orig/ucn.o
/tmp/eldritch-orig/ucn_user.o
/tmp/eldritch-orig/undef.o
/tmp/eldritch-orig/unicode.o
/tmp/eldritch-orig/unity.o
/tmp/eldritch-orig/unused_compiled.o
/tmp/eldritch-orig/variant1.o
/tmp/eldritch-orig/variant2.o
/tmp/eldritch-orig/weak_default.o
/tmp/eldritch-orig/weird_heads.o
/tmp/eldritch-orig/world.o
/tmp/eldritch-orig/world_early.o
/tmp/eldritch-orig/world_fns.o
/tmp/eldritch-orig/world_late.o
/tmp/eldritch-orig/world_light.o
/tmp/eldritch-orig/wrap.o
/tmp/eldritch-orig/wrap_beast.o
/tmp/eldritch-orig/wrapped.o
/tmp/eldritch-orig/xmacro.o
/usr/bin/as
/usr/bin/gcc
/usr/bin/ld
/usr/bin/mkdir
/usr/bin/sh
/usr/include/dlfcn.h
/usr/include/features-time64.h
/usr/include/features.h
/usr/include/limits.h
/usr/include/linux/limits.h
/usr/include/stdc-predef.h
/usr/include/stdio.h
/usr/include/x86_64-linux-gnu/bits/dl_find_object.h
/usr/include/x86_64-linux-gnu/bits/dlfcn.h
/usr/include/x86_64-linux-gnu/bits/floatn-common.h
/usr/include/x86_64-linux-gnu/bits/floatn.h
/usr/include/x86_64-linux-gnu/bits/libc-header-start.h
/usr/include/x86_64-linux-gnu/bits/local_lim.h
/usr/include/x86_64-linux-gnu/bits/long-double.h
/usr/include/x86_64-linux-gnu/bits/posix1_lim.h
/usr/include/x86_64-linux-gnu/bits/posix2_lim.h
/usr/include/x86_64-linux-gnu/bits/pthread_stack_min-dynamic.h
/usr/include/x86_64-linux-gnu/bits/pthread_stack_min.h
/usr/include/x86_64-linux-gnu/bits/stdio_lim.h
/usr/include/x86_64-linux-gnu/bits/time64.h
/usr/include/x86_64-linux-gnu/bits/timesize.h
/usr/include/x86_64-linux-gnu/bits/types.h
/usr/include/x86_64-linux-gnu/bits/types/FILE.h
/usr/include/x86_64-linux-gnu/bits/types/__FILE.h
/usr/include/x86_64-linux-gnu/bits/types/__fpos64_t.h
/usr/include/x86_64-linux-gnu/bits/types/__fpos_t.h
/usr/include/x86_64-linux-gnu/bits/types/__mbstate_t.h
/usr/include/x86_64-linux-gnu/bits/types/struct_FILE.h
/usr/include/x86_64-linux-gnu/bits/typesizes.h
/usr/include/x86_64-linux-gnu/bits/wordsize.h
/usr/include/x86_64-linux-gnu/gnu/stubs-64.h
/usr/include/x86_64-linux-gnu/gnu/stubs.h
/usr/include/x86_64-linux-gnu/sys/cdefs.h
/usr/lib/gcc/x86_64-linux-gnu/11/cc1
/usr/lib/gcc/x86_64-linux-gnu/11/collect2
/usr/lib/gcc/x86_64-linux-gnu/11/crtbeginS.o
/usr/lib/gcc/x86_64-linux-gnu/11/crtendS.o
/usr/lib/gcc/x86_64-linux-gnu/11/include/limits.h
/usr/lib/gcc/x86_64-linux-gnu/11/include/stdarg.h
/usr/lib/gcc/x86_64-linux-gnu/11/include/stddef.h
/usr/lib/gcc/x86_64-linux-gnu/11/include/syslimits.h
/usr/lib/gcc/x86_64-linux-gnu/11/libgcc.a
/usr/lib/gcc/x86_64-linux-gnu/11/libgcc_s.so
/usr/lib/gcc/x86_64-linux-gnu/11/liblto_plugin.so
/usr/lib/locale/C.utf8/LC_ADDRESS
/usr/lib/locale/C.utf8/LC_COLLATE
/usr/lib/locale/C.utf8/LC_CTYPE
/usr/lib/locale/C.utf8/LC_IDENTIFICATION
/usr/lib/locale/C.utf8/LC_MEASUREMENT
/usr/lib/locale/C.utf8/LC_MESSAGES
/usr/lib/locale/C.utf8/LC_MESSAGES/SYS_LC_MESSAGES
/usr/lib/locale/C.utf8/LC_MONETARY
/usr/lib/locale/C.utf8/LC_NAME
/usr/lib/locale/C.utf8/LC_NUMERIC
/usr/lib/locale/C.utf8/LC_PAPER
/usr/lib/locale/C.utf8/LC_TELEPHONE
/usr/lib/locale/C.utf8/LC_TIME
/usr/lib/x86_64-linux-gnu/Scrt1.o
/usr/lib/x86_64-linux-gnu/crti.o
/usr/lib/x86_64-linux-gnu/crtn.o
/usr/lib/x86_64-linux-gnu/gconv/gconv-modules.cache
/usr/lib/x86_64-linux-gnu/ld-linux-x86-64.so.2
/usr/lib/x86_64-linux-gnu/libbfd-2.38-system.so
/usr/lib/x86_64-linux-gnu/libc.so
/usr/lib/x86_64-linux-gnu/libc.so.6
/usr/lib/x86_64-linux-gnu/libc_nonshared.a
/usr/lib/x86_64-linux-gnu/libctf.so.0.0.0
/usr/lib/x86_64-linux-gnu/libgcc_s.so.1
/usr/lib/x86_64-linux-gnu/libgmp.so.10.4.1
/usr/lib/x86_64-linux-gnu/libisl.so.23.1.0
/usr/lib/x86_64-linux-gnu/libmpc.so.3.2.1
/usr/lib/x86_64-linux-gnu/libmpfr.so.6.1.0
/usr/lib/x86_64-linux-gnu/libopcodes-2.38-system.so
/usr/lib/x86_64-linux-gnu/libpcre2-8.so.0.10.4
/usr/lib/x86_64-linux-gnu/libselinux.so.1
/usr/lib/x86_64-linux-gnu/libz.so.1.2.11
/usr/lib/x86_64-linux-gnu/libzstd.so.1.4.8
