/bin/sh
/etc/ld.so.cache
/etc/locale.alias
/mnt/c/Playground/CodeCarver/examples/hellbuild/sdk/include/hell_sdk.h
/mnt/c/Playground/CodeCarver/examples/hellbuild/src/Makefile
/mnt/c/Playground/CodeCarver/examples/hellbuild/src/build.sh
/mnt/c/Playground/CodeCarver/examples/hellbuild/src/café.c
/mnt/c/Playground/CodeCarver/examples/hellbuild/src/cfg/feature.c
/mnt/c/Playground/CodeCarver/examples/hellbuild/src/cfg/spell_real.c
/mnt/c/Playground/CodeCarver/examples/hellbuild/src/common/inc/hb.h
/mnt/c/Playground/CodeCarver/examples/hellbuild/src/configure
/mnt/c/Playground/CodeCarver/examples/hellbuild/src/gen/hooks.c
/mnt/c/Playground/CodeCarver/examples/hellbuild/src/gen/mkhooks.sh
/mnt/c/Playground/CodeCarver/examples/hellbuild/src/gen/table.c.in
/mnt/c/Playground/CodeCarver/examples/hellbuild/src/it's here.c
/mnt/c/Playground/CodeCarver/examples/hellbuild/src/liba/Makefile
/mnt/c/Playground/CodeCarver/examples/hellbuild/src/liba/a_only.c
/mnt/c/Playground/CodeCarver/examples/hellbuild/src/liba/util.c
/mnt/c/Playground/CodeCarver/examples/hellbuild/src/libb/Makefile
/mnt/c/Playground/CodeCarver/examples/hellbuild/src/libb/b_only.c
/mnt/c/Playground/CodeCarver/examples/hellbuild/src/libb/util.c
/mnt/c/Playground/CodeCarver/examples/hellbuild/src/linked/lnk.c
/mnt/c/Playground/CodeCarver/examples/hellbuild/src/lt.c
/mnt/c/Playground/CodeCarver/examples/hellbuild/src/main.c
/mnt/c/Playground/CodeCarver/examples/hellbuild/src/quiet/q1.c
/mnt/c/Playground/CodeCarver/examples/hellbuild/src/quiet/q2.c
/mnt/c/Playground/CodeCarver/examples/hellbuild/src/rsp.c
/mnt/c/Playground/CodeCarver/examples/hellbuild/src/shc.c
/mnt/c/Playground/CodeCarver/examples/hellbuild/src/tools/ccache
/mnt/c/Playground/CodeCarver/examples/hellbuild/src/tools/ltwrap
/proc/7744/mounts
/proc/7776/mounts
/proc/filesystems
/tmp/cc1Nhr79.s
/tmp/cc4ty1ym.s
/tmp/cc74fPSA.s
/tmp/cc8RwnrD.s
/tmp/cc95d1WZ.s
/tmp/ccJrPcW1.s
/tmp/ccM63Ncg.s
/tmp/ccMMKAPN.s
/tmp/ccNIvoCU.s
/tmp/ccOW55HB.cdtor.o
/tmp/ccRONG4Y.res
/tmp/ccTo2r8b.s
/tmp/ccUQzClW.s
/tmp/ccURYqwB.s
/tmp/ccY0S1PK.s
/tmp/ccYZAVuW.s
/tmp/cchGwPSJ.s
/tmp/ccj03feq.s
/tmp/ccjugm6R.s
/tmp/ccns4w1c.s
/tmp/ccorVhQt.cdtor.c
/tmp/ccqeU6hU
/tmp/ccwamPDY.s
/tmp/hellbuild-orig/a_only.o
/tmp/hellbuild-orig/b_only.o
/tmp/hellbuild-orig/cafe.o
/tmp/hellbuild-orig/config.h
/tmp/hellbuild-orig/conftest.c
/tmp/hellbuild-orig/conftest.o
/tmp/hellbuild-orig/feature.o
/tmp/hellbuild-orig/hell
/tmp/hellbuild-orig/hooks.o
/tmp/hellbuild-orig/its_here.o
/tmp/hellbuild-orig/liba_util.o
/tmp/hellbuild-orig/libb_util.o
/tmp/hellbuild-orig/lnk.o
/tmp/hellbuild-orig/lt.o
/tmp/hellbuild-orig/main.o
/tmp/hellbuild-orig/mkhooks.c
/tmp/hellbuild-orig/mkhooks.o
/tmp/hellbuild-orig/q1.o
/tmp/hellbuild-orig/q2.o
/tmp/hellbuild-orig/rsp.args
/tmp/hellbuild-orig/rsp.o
/tmp/hellbuild-orig/shc.o
/tmp/hellbuild-orig/spell_real.o
/tmp/hellbuild-orig/table.c
/tmp/hellbuild-orig/table.o
/usr/bin/as
/usr/bin/cat
/usr/bin/gcc
/usr/bin/ld
/usr/bin/ln
/usr/bin/make
/usr/bin/mkdir
/usr/bin/rm
/usr/bin/sed
/usr/bin/sh
/usr/bin/sleep
/usr/include/features-time64.h
/usr/include/features.h
/usr/include/stdc-predef.h
/usr/include/stdio.h
/usr/include/x86_64-linux-gnu/bits/floatn-common.h
/usr/include/x86_64-linux-gnu/bits/floatn.h
/usr/include/x86_64-linux-gnu/bits/libc-header-start.h
/usr/include/x86_64-linux-gnu/bits/long-double.h
/usr/include/x86_64-linux-gnu/bits/stdio_lim.h
/usr/include/x86_64-linux-gnu/bits/time64.h
/usr/include/x86_64-linux-gnu/bits/timesize.h
/usr/include/x86_64-linux-gnu/bits/types.h
/usr/include/x86_64-linux-gnu/bits/types/FILE.h
/usr/include/x86_64-linux-gnu/bits/types/__FILE.h
/usr/include/x86_64-linux-gnu/bits/types/__fpos64_t.h
/usr/include/x86_64-linux-gnu/bits/types/__fpos_t.h
/usr/include/x86_64-linux-gnu/bits/types/__mbstate_t.h
/usr/include/x86_64-linux-gnu/bits/types/struct_FILE.h
/usr/include/x86_64-linux-gnu/bits/typesizes.h
/usr/include/x86_64-linux-gnu/bits/wordsize.h
/usr/include/x86_64-linux-gnu/gnu/stubs-64.h
/usr/include/x86_64-linux-gnu/gnu/stubs.h
/usr/include/x86_64-linux-gnu/sys/cdefs.h
/usr/lib/gcc/x86_64-linux-gnu/11/cc1
/usr/lib/gcc/x86_64-linux-gnu/11/collect2
/usr/lib/gcc/x86_64-linux-gnu/11/crtbeginS.o
/usr/lib/gcc/x86_64-linux-gnu/11/crtendS.o
/usr/lib/gcc/x86_64-linux-gnu/11/include/stdarg.h
/usr/lib/gcc/x86_64-linux-gnu/11/include/stddef.h
/usr/lib/gcc/x86_64-linux-gnu/11/libgcc.a
/usr/lib/gcc/x86_64-linux-gnu/11/libgcc_s.so
/usr/lib/gcc/x86_64-linux-gnu/11/liblto_plugin.so
/usr/lib/locale/C.utf8/LC_ADDRESS
/usr/lib/locale/C.utf8/LC_COLLATE
/usr/lib/locale/C.utf8/LC_CTYPE
/usr/lib/locale/C.utf8/LC_IDENTIFICATION
/usr/lib/locale/C.utf8/LC_MEASUREMENT
/usr/lib/locale/C.utf8/LC_MESSAGES
/usr/lib/locale/C.utf8/LC_MESSAGES/SYS_LC_MESSAGES
/usr/lib/locale/C.utf8/LC_MONETARY
/usr/lib/locale/C.utf8/LC_NAME
/usr/lib/locale/C.utf8/LC_NUMERIC
/usr/lib/locale/C.utf8/LC_PAPER
/usr/lib/locale/C.utf8/LC_TELEPHONE
/usr/lib/locale/C.utf8/LC_TIME
/usr/lib/x86_64-linux-gnu/Scrt1.o
/usr/lib/x86_64-linux-gnu/crti.o
/usr/lib/x86_64-linux-gnu/crtn.o
/usr/lib/x86_64-linux-gnu/gconv/gconv-modules.cache
/usr/lib/x86_64-linux-gnu/ld-linux-x86-64.so.2
/usr/lib/x86_64-linux-gnu/libacl.so.1.1.2301
/usr/lib/x86_64-linux-gnu/libbfd-2.38-system.so
/usr/lib/x86_64-linux-gnu/libc.so
/usr/lib/x86_64-linux-gnu/libc.so.6
/usr/lib/x86_64-linux-gnu/libc_nonshared.a
/usr/lib/x86_64-linux-gnu/libctf.so.0.0.0
/usr/lib/x86_64-linux-gnu/libgcc_s.so.1
/usr/lib/x86_64-linux-gnu/libgmp.so.10.4.1
/usr/lib/x86_64-linux-gnu/libisl.so.23.1.0
/usr/lib/x86_64-linux-gnu/libmpc.so.3.2.1
/usr/lib/x86_64-linux-gnu/libmpfr.so.6.1.0
/usr/lib/x86_64-linux-gnu/libopcodes-2.38-system.so
/usr/lib/x86_64-linux-gnu/libpcre2-8.so.0.10.4
/usr/lib/x86_64-linux-gnu/libselinux.so.1
/usr/lib/x86_64-linux-gnu/libz.so.1.2.11
/usr/lib/x86_64-linux-gnu/libzstd.so.1.4.8
